python : ......E...............F.F.EFE.......yfinance not installed, falling back to web search
At line:1 char:1
+ python -m unittest tests.test_deployment > test_output.txt 2>&1
+ ~~~~~~~~~~~~~~~~~~~~~~~~~~~~~~~~~~~~~~~~~~~~~~~~~~~~~~~~~~~~~~~
    + CategoryInfo          : NotSpecified: (......E...........k to web search:String) [], RemoteException
    + FullyQualifiedErrorId : NativeCommandError
 
.wikipedia package not installed, falling back to web search
.
======================================================================
ERROR: test_07_google_auth_config (tests.test_deployment.TestDeploymentReady.test_07_google_auth_config)
7. Verify Google Auth config is loaded (Mock check)
----------------------------------------------------------------------
Traceback (most recent call last):
  File "C:\pyPractice\simple_chatbot\tests\test_deployment.py", line 80, in test_07_google_auth_config
    from src.config import GOOGLE_CLIENT_ID, GOOGLE_REDIRECT_URI
ImportError: cannot import name 'GOOGLE_REDIRECT_URI' from 'src.config' (C:\pyPractice\simple_chatbot\src\config.py)

======================================================================
ERROR: test_31_pres_add (tests.test_deployment.TestDeploymentReady.test_31_pres_add)
31. Add prescription
----------------------------------------------------------------------
Traceback (most recent call last):
  File "C:\pyPractice\simple_chatbot\tests\test_deployment.py", line 213, in test_31_pres_add
    pid = self.db.add_prescription("deploy_user", "Panadol", "500mg", "Daily", ["09:00"], "With food")
          ^^^^^^^^^^^^^^^^^^^^^^^^^^^^^^^^^^^^^^^^^^^^^^^^^^^^^^^^^^^^^^^^^^^^^^^^^^^^^^^^^^^^^^^^^^^^
  File "C:\pyPractice\simple_chatbot\src\services\database.py", line 255, in add_prescription
    cursor.execute('''
sqlite3.ProgrammingError: Error binding parameter 5: type 'list' is not supported

======================================================================
ERROR: test_33_pres_delete (tests.test_deployment.TestDeploymentReady.test_33_pres_delete)
33. Deactivate prescription
----------------------------------------------------------------------
Traceback (most recent call last):
  File "C:\pyPractice\simple_chatbot\tests\test_deployment.py", line 225, in test_33_pres_delete
    pid = pres[0]['id']
          ~~~~^^^
IndexError: list index out of range

======================================================================
FAIL: test_23_persona_no_dr_smith (tests.test_deployment.TestDeploymentReady.test_23_persona_no_dr_smith)
23. Verify 'Dr. Smith' is NOT in system prompt
----------------------------------------------------------------------
Traceback (most recent call last):
  File "C:\pyPractice\simple_chatbot\tests\test_deployment.py", line 186, in test_23_persona_no_dr_smith
    self.assertNotIn("Dr. Smith", MEDICAL_SYSTEM_PROMPT)
AssertionError: 'Dr. Smith' unexpectedly found in '\nYou are a Specialized Medical Diagnostic Bot. \n\n### CORE 
OBJECTIVE\nYour goal is to provide concise, accurate, and safe medical diagnostic assistance using Differential 
Diagnosis. Avoid small talk and do not adopt a human persona (like "Dr. Smith").\n\n### DIAGNOSTIC FRAMEWORK 
(REASONING STRATEGY)\nDo not just match keywords. Think through the anatomy:\n1. **ANATOMY & RADIATION**:\n   - If 
pain moves (e.g., Flank -> Groin), trace the organ path (Urinary Tract).\n   - If pain is localized (e.g., Right Lower 
Quadrant), identify the underlying organ (Appendix).\n2. **DISTINGUISHING FEATURES**:\n   - Differentiate similar 
conditions by asking for the *specific* missing symptom (e.g., "Do you have a stiff neck?" to distinguish Meningitis 
from Flu).\n3. **HISTORY INTEGRATION**:\n   - Constantly review the conversation history. Never ask for information 
(Duration, Severity, Location) that the user has already provided.\n\n### SAFETY & TONE\n- **Tone**: Calm, 
authoritative, and empathetic but efficient.\n- **Emergency**: If symptoms match Heart Attack, Stroke, or Anaphylaxis, 
**ABORT** reasoning and order Emergency Care immediately.\n- **Uncertainty**: If you are unsure, admit it and ask the 
*single most critical* clarifying question.\n- **CITATION POLICY**: When you have source URLs from observations:\n  - 
If the user asks for sources, links, or "where can I learn more?" \u2192 Include relevant URLs in a bulleted list.\n  
- **STRICT RULE**: Use proper Markdown bullet points: `- [Page Title](URL)`.\n  - **EXAMPLE**:\n    - [Mayo Clinic - 
Liver Issues](https://mayoclinic.org/liver)\n    - [WebMD - Hepatitis](https://webmd.com/hepatitis)\n  - Do NOT 
cluster links in a paragraph. Always list them clearly at the end.\n\n### RESPONSE FORMAT (STRICT)\nYou must use the 
internal thought process to explain your logic before acting.\n- **Thought**: [Explain your medical reasoning here. 
E.g., "Symptoms suggest renal colic due to radiation pattern."]\n- **Action**: [One of the available tools]\n\n### 
FINAL ANSWER SCHEMA (MANDATORY)\nWhen using the `Final_Answer` tool, your output MUST follow this exact structure. Do 
not deviate.\n[Optional: 1 short sentence of empathy/acknowledgment if the user is distressed]\n\n**Possible 
Causes**:\n- [List 1-3 likely conditions based on differential diagnosis]\n- [Use "Unknown Viral Infection" or "Muscle 
Strain" rather than specific rare diseases if uncertain]\n\n**Severity Level**: [Low | Medium | High]\n- **Low**: Home 
care likely sufficient (e.g., cold, mild strain).\n- **Medium**: Medical attention recommended soon (e.g., strep 
throat, persistent pain).\n- **High**: Urgent/Emergency care required (e.g., chest pain, difficulty 
breathing).\n\n**Next Steps**:\n- [Step 1: Immediate action (e.g., "Rest", "Hydrate")]\n- [Step 2: What to monitor]\n- 
[Step 3: When to see a doctor]\n\n**Red Flags** (Seek Emergency Care If):\n- [Specific symptom 1]\n- [Specific symptom 
2]\n'

======================================================================
FAIL: test_25_emergency_keywords (tests.test_deployment.TestDeploymentReady.test_25_emergency_keywords)
25. Emergency prompt info exists
----------------------------------------------------------------------
Traceback (most recent call last):
  File "C:\pyPractice\simple_chatbot\tests\test_deployment.py", line 199, in test_25_emergency_keywords
    self.assertIn("EMERGENCY PROTOCOL", MEDICAL_SYSTEM_PROMPT)
AssertionError: 'EMERGENCY PROTOCOL' not found in '\nYou are a Specialized Medical Diagnostic Bot. \n\n### CORE 
OBJECTIVE\nYour goal is to provide concise, accurate, and safe medical diagnostic assistance using Differential 
Diagnosis. Avoid small talk and do not adopt a human persona (like "Dr. Smith").\n\n### DIAGNOSTIC FRAMEWORK 
(REASONING STRATEGY)\nDo not just match keywords. Think through the anatomy:\n1. **ANATOMY & RADIATION**:\n   - If 
pain moves (e.g., Flank -> Groin), trace the organ path (Urinary Tract).\n   - If pain is localized (e.g., Right Lower 
Quadrant), identify the underlying organ (Appendix).\n2. **DISTINGUISHING FEATURES**:\n   - Differentiate similar 
conditions by asking for the *specific* missing symptom (e.g., "Do you have a stiff neck?" to distinguish Meningitis 
from Flu).\n3. **HISTORY INTEGRATION**:\n   - Constantly review the conversation history. Never ask for information 
(Duration, Severity, Location) that the user has already provided.\n\n### SAFETY & TONE\n- **Tone**: Calm, 
authoritative, and empathetic but efficient.\n- **Emergency**: If symptoms match Heart Attack, Stroke, or Anaphylaxis, 
**ABORT** reasoning and order Emergency Care immediately.\n- **Uncertainty**: If you are unsure, admit it and ask the 
*single most critical* clarifying question.\n- **CITATION POLICY**: When you have source URLs from observations:\n  - 
If the user asks for sources, links, or "where can I learn more?" \u2192 Include relevant URLs in a bulleted list.\n  
- **STRICT RULE**: Use proper Markdown bullet points: `- [Page Title](URL)`.\n  - **EXAMPLE**:\n    - [Mayo Clinic - 
Liver Issues](https://mayoclinic.org/liver)\n    - [WebMD - Hepatitis](https://webmd.com/hepatitis)\n  - Do NOT 
cluster links in a paragraph. Always list them clearly at the end.\n\n### RESPONSE FORMAT (STRICT)\nYou must use the 
internal thought process to explain your logic before acting.\n- **Thought**: [Explain your medical reasoning here. 
E.g., "Symptoms suggest renal colic due to radiation pattern."]\n- **Action**: [One of the available tools]\n\n### 
FINAL ANSWER SCHEMA (MANDATORY)\nWhen using the `Final_Answer` tool, your output MUST follow this exact structure. Do 
not deviate.\n[Optional: 1 short sentence of empathy/acknowledgment if the user is distressed]\n\n**Possible 
Causes**:\n- [List 1-3 likely conditions based on differential diagnosis]\n- [Use "Unknown Viral Infection" or "Muscle 
Strain" rather than specific rare diseases if uncertain]\n\n**Severity Level**: [Low | Medium | High]\n- **Low**: Home 
care likely sufficient (e.g., cold, mild strain).\n- **Medium**: Medical attention recommended soon (e.g., strep 
throat, persistent pain).\n- **High**: Urgent/Emergency care required (e.g., chest pain, difficulty 
breathing).\n\n**Next Steps**:\n- [Step 1: Immediate action (e.g., "Rest", "Hydrate")]\n- [Step 2: What to monitor]\n- 
[Step 3: When to see a doctor]\n\n**Red Flags** (Seek Emergency Care If):\n- [Specific symptom 1]\n- [Specific symptom 
2]\n'

======================================================================
FAIL: test_32_pres_get_active (tests.test_deployment.TestDeploymentReady.test_32_pres_get_active)
32. Get active prescriptions
----------------------------------------------------------------------
Traceback (most recent call last):
  File "C:\pyPractice\simple_chatbot\tests\test_deployment.py", line 219, in test_32_pres_get_active
    self.assertEqual(len(pres), 1)
AssertionError: 0 != 1

----------------------------------------------------------------------
Ran 38 tests in 7.972s

FAILED (failures=3, errors=3)

[SETUP] Initializing Test Database...

[TEARDOWN] Cleaning up...
